../tensorflow-lite/tensorflow/lite/core/c/common.cc:109:8:size_t TfLiteIntArrayGetSizeInBytes(int)	16	static
../tensorflow-lite/tensorflow/lite/core/c/common.cc:113:5:int TfLiteIntArrayEqual(const TfLiteIntArray*, const TfLiteIntArray*)	16	static
../tensorflow-lite/tensorflow/lite/core/c/common.cc:117:5:int TfLiteIntArrayEqualsArray(const TfLiteIntArray*, int, const int*)	24	static
../tensorflow-lite/tensorflow/lite/core/c/common.cc:124:17:TfLiteIntArray* TfLiteIntArrayCreate(int)	16	static
../tensorflow-lite/tensorflow/lite/core/c/common.cc:128:17:TfLiteIntArray* TfLiteIntArrayCopy(const TfLiteIntArray*)	16	static
../tensorflow-lite/tensorflow/lite/core/c/common.cc:132:6:void TfLiteIntArrayFree(TfLiteIntArray*)	16	static
../tensorflow-lite/tensorflow/lite/core/c/common.cc:136:5:int TfLiteFloatArrayGetSizeInBytes(int)	16	static
../tensorflow-lite/tensorflow/lite/core/c/common.cc:142:19:TfLiteFloatArray* TfLiteFloatArrayCreate(int)	16	static
../tensorflow-lite/tensorflow/lite/core/c/common.cc:146:19:TfLiteFloatArray* TfLiteFloatArrayCopy(const TfLiteFloatArray*)	16	static
../tensorflow-lite/tensorflow/lite/core/c/common.cc:150:6:void TfLiteFloatArrayFree(TfLiteFloatArray*)	16	static
../tensorflow-lite/tensorflow/lite/core/c/common.cc:152:6:void TfLiteTensorDataFree(TfLiteTensor*)	16	static
../tensorflow-lite/tensorflow/lite/core/c/common.cc:171:6:void TfLiteQuantizationFree(TfLiteQuantization*)	24	static
../tensorflow-lite/tensorflow/lite/core/c/common.cc:189:6:void TfLiteSparsityFree(TfLiteSparsity*)	48	static
../tensorflow-lite/tensorflow/lite/core/c/common.cc:222:6:void TfLiteTensorFree(TfLiteTensor*)	16	static
../tensorflow-lite/tensorflow/lite/core/c/common.cc:237:6:void TfLiteTensorReset(TfLiteType, const char*, TfLiteIntArray*, TfLiteQuantizationParams, char*, size_t, TfLiteAllocationType, const void*, bool, TfLiteTensor*)	24	static
../tensorflow-lite/tensorflow/lite/core/c/common.cc:257:14:TfLiteStatus TfLiteTensorCopy(const TfLiteTensor*, TfLiteTensor*)	24	static
../tensorflow-lite/tensorflow/lite/core/c/common.cc:289:14:TfLiteStatus TfLiteTensorResizeMaybeCopy(size_t, TfLiteTensor*, bool)	32	static
../tensorflow-lite/tensorflow/lite/core/c/common.cc:336:14:TfLiteStatus TfLiteTensorRealloc(size_t, TfLiteTensor*)	16	static
../tensorflow-lite/tensorflow/lite/core/c/common.cc:341:13:const char* TfLiteTypeGetName(TfLiteType)	16	static
../tensorflow-lite/tensorflow/lite/core/c/common.cc:385:16:TfLiteDelegate TfLiteDelegateCreate()	16	static
../tensorflow-lite/tensorflow/lite/core/c/common.cc:388:26:TfLiteAllocationStrategy TfLiteTensorGetAllocationStrategy(const TfLiteTensor*)	16	static
../tensorflow-lite/tensorflow/lite/core/c/common.cc:412:20:TfLiteRunStability TfLiteTensorGetBufferAddressStability(const TfLiteTensor*)	16	static
../tensorflow-lite/tensorflow/lite/core/c/common.cc:436:20:TfLiteRunStability TfLiteTensorGetDataStability(const TfLiteTensor*)	16	static
../tensorflow-lite/tensorflow/lite/core/c/common.cc:462:15:TfLiteRunStep TfLiteTensorGetDataKnownStep(const TfLiteTensor*)	16	static
../tensorflow-lite/tensorflow/lite/core/c/common.cc:489:15:TfLiteRunStep TfLiteTensorGetShapeKnownStep(const TfLiteTensor*)	16	static
../tensorflow-lite/tensorflow/lite/core/c/common.cc:34:8:size_t {anonymous}::TfLiteVarArrayGetSizeInBytes(int) [with T = TfLiteIntArray]	24	static
../tensorflow-lite/tensorflow/lite/core/c/common.cc:59:5:int {anonymous}::TfLiteVarArrayEqual(const T*, const T*) [with T = TfLiteIntArray]	16	static
../tensorflow-lite/tensorflow/lite/core/c/common.cc:45:5:int {anonymous}::TfLiteVarArrayEqualsArray(const T*, int, const U*) [with T = TfLiteIntArray; U = int]	24	static
../tensorflow-lite/tensorflow/lite/core/c/common.cc:73:4:T* {anonymous}::TfLiteVarArrayCreate(int) [with T = TfLiteIntArray]	24	static
../tensorflow-lite/tensorflow/lite/core/c/common.cc:87:4:T* {anonymous}::TfLiteVarArrayCopy(const T*) [with T = TfLiteIntArray]	24	static
../tensorflow-lite/tensorflow/lite/core/c/common.cc:101:6:void {anonymous}::TfLiteVarArrayFree(T*) [with T = TfLiteIntArray]	16	static
../tensorflow-lite/tensorflow/lite/core/c/common.cc:34:8:size_t {anonymous}::TfLiteVarArrayGetSizeInBytes(int) [with T = TfLiteFloatArray]	24	static
../tensorflow-lite/tensorflow/lite/core/c/common.cc:73:4:T* {anonymous}::TfLiteVarArrayCreate(int) [with T = TfLiteFloatArray]	24	static
../tensorflow-lite/tensorflow/lite/core/c/common.cc:87:4:T* {anonymous}::TfLiteVarArrayCopy(const T*) [with T = TfLiteFloatArray]	24	static
../tensorflow-lite/tensorflow/lite/core/c/common.cc:101:6:void {anonymous}::TfLiteVarArrayFree(T*) [with T = TfLiteFloatArray]	16	static
