/home/rmknan/STM32CubeIDE/workspace_1.15.0/Alphabet_Recognition/tensorflow-lite/tensorflow/lite/kernels/internal/runtime_shape.h:64:3:tflite::RuntimeShape::~RuntimeShape()	16	static
/home/rmknan/STM32CubeIDE/workspace_1.15.0/Alphabet_Recognition/tensorflow-lite/tensorflow/lite/kernels/internal/runtime_shape.h:66:11:int32_t tflite::RuntimeShape::DimensionsCount() const	16	static
/home/rmknan/STM32CubeIDE/workspace_1.15.0/Alphabet_Recognition/tensorflow-lite/tensorflow/lite/kernels/internal/runtime_shape.h:67:11:int32_t tflite::RuntimeShape::Dims(int) const	16	static
/home/rmknan/STM32CubeIDE/workspace_1.15.0/Alphabet_Recognition/tensorflow-lite/tensorflow/lite/kernels/internal/runtime_shape.h:72:8:void tflite::RuntimeShape::SetDim(int, int32_t)	24	static
/home/rmknan/STM32CubeIDE/workspace_1.15.0/Alphabet_Recognition/tensorflow-lite/tensorflow/lite/kernels/internal/runtime_shape.h:78:23:static tflite::RuntimeShape tflite::RuntimeShape::ExtendedShape(int, const tflite::RuntimeShape&)	24	static
/home/rmknan/STM32CubeIDE/workspace_1.15.0/Alphabet_Recognition/tensorflow-lite/tensorflow/lite/kernels/internal/runtime_shape.h:83:12:int32_t* tflite::RuntimeShape::DimsData()	16	static
/home/rmknan/STM32CubeIDE/workspace_1.15.0/Alphabet_Recognition/tensorflow-lite/tensorflow/lite/kernels/internal/runtime_shape.h:84:18:const int32_t* tflite::RuntimeShape::DimsData() const	16	static
/home/rmknan/STM32CubeIDE/workspace_1.15.0/Alphabet_Recognition/tensorflow-lite/tensorflow/lite/kernels/internal/runtime_shape.h:109:3:tflite::RuntimeShape::RuntimeShape(int, const tflite::RuntimeShape&, int)	40	static
../tensorflow-lite/tensorflow/lite/kernels/internal/reference/comparisons.cc:21:33:tflite::reference_ops::BroadcastComparison4DSlowCommon tflite::reference_ops::BroadcastComparison4DSlowPreprocess(const tflite::RuntimeShape&, const tflite::RuntimeShape&, const tflite::RuntimeShape&)	96	static
/home/rmknan/STM32CubeIDE/workspace_1.15.0/Alphabet_Recognition/tensorflow-lite/tensorflow/lite/kernels/internal/common.h:1093:13:void tflite::NdArrayDescsForElementwiseBroadcast(const RuntimeShape&, const RuntimeShape&, NdArrayDesc<N>*, NdArrayDesc<N>*) [with int N = 4]	96	static
/home/rmknan/STM32CubeIDE/workspace_1.15.0/Alphabet_Recognition/tensorflow-lite/tensorflow/lite/kernels/internal/common.h:1082:22:void tflite::CopyDimsToDesc(const RuntimeShape&, NdArrayDesc<N>*) [with int N = 4]	24	static
