/home/rmknan/STM32CubeIDE/workspace_1.15.0/Alphabet_Recognition/tensorflow-lite/tensorflow/lite/micro/micro_profiler_interface.h:26:11:tflite::MicroProfilerInterface::~MicroProfilerInterface()	16	static
/home/rmknan/STM32CubeIDE/workspace_1.15.0/Alphabet_Recognition/tensorflow-lite/tensorflow/lite/micro/micro_profiler_interface.h:26:11:virtual tflite::MicroProfilerInterface::~MicroProfilerInterface()	16	static
/home/rmknan/STM32CubeIDE/workspace_1.15.0/Alphabet_Recognition/tensorflow-lite/tensorflow/lite/micro/micro_time.h:30:17:uint32_t tflite::TicksToMs(int32_t)	24	static
../tensorflow-lite/tensorflow/lite/micro/micro_profiler.cc:27:10:virtual uint32_t tflite::MicroProfiler::BeginEvent(const char*)	24	static
../tensorflow-lite/tensorflow/lite/micro/micro_profiler.cc:42:6:virtual void tflite::MicroProfiler::EndEvent(uint32_t)	16	static
../tensorflow-lite/tensorflow/lite/micro/micro_profiler.cc:47:10:uint32_t tflite::MicroProfiler::GetTotalTicks() const	24	static
../tensorflow-lite/tensorflow/lite/micro/micro_profiler.cc:55:6:void tflite::MicroProfiler::Log() const	32	static
../tensorflow-lite/tensorflow/lite/micro/micro_profiler.cc:64:6:void tflite::MicroProfiler::LogCsv() const	24	static
../tensorflow-lite/tensorflow/lite/micro/micro_profiler.cc:79:6:void tflite::MicroProfiler::LogTicksPerTagCsv()	48	static
../tensorflow-lite/tensorflow/lite/micro/micro_profiler.cc:112:5:int tflite::MicroProfiler::FindExistingOrNextPosition(const char*)	32	static
/home/rmknan/STM32CubeIDE/workspace_1.15.0/Alphabet_Recognition/tensorflow-lite/tensorflow/lite/micro/micro_profiler.h:31:11:tflite::MicroProfiler::~MicroProfiler()	16	static
/home/rmknan/STM32CubeIDE/workspace_1.15.0/Alphabet_Recognition/tensorflow-lite/tensorflow/lite/micro/micro_profiler.h:31:11:virtual tflite::MicroProfiler::~MicroProfiler()	16	static
