/opt/st/stm32cubeide_1.15.0/plugins/com.st.stm32cube.ide.mcu.externaltools.gnu-tools-for-stm32.12.3.rel1.linux64_1.0.100.202403111256/tools/arm-none-eabi/include/c++/12.3.1/arm-none-eabi/thumb/v7e-m+fp/hard/bits/gthr-default.h:229:1:int __gthread_key_delete(__gthread_key_t)	16	static
/home/rmknan/STM32CubeIDE/workspace_1.15.0/Alphabet_Recognition/tensorflow-lite/third_party/flatbuffers/include/flatbuffers/table.h:29:18:const uint8_t* flatbuffers::Table::GetVTable() const	24	static
/home/rmknan/STM32CubeIDE/workspace_1.15.0/Alphabet_Recognition/tensorflow-lite/third_party/flatbuffers/include/flatbuffers/table.h:35:13:flatbuffers::voffset_t flatbuffers::Table::GetOptionalFieldOffset(flatbuffers::voffset_t) const	24	static
/home/rmknan/STM32CubeIDE/workspace_1.15.0/Alphabet_Recognition/tensorflow-lite/tensorflow/lite/schema/schema_generated.h:1417:28:const char* const* tflite::EnumNamesBuiltinOperator()	4	static
/home/rmknan/STM32CubeIDE/workspace_1.15.0/Alphabet_Recognition/tensorflow-lite/tensorflow/lite/schema/schema_generated.h:1630:20:const char* tflite::EnumNameBuiltinOperator(BuiltinOperator)	32	static
/home/rmknan/STM32CubeIDE/workspace_1.15.0/Alphabet_Recognition/tensorflow-lite/tensorflow/lite/schema/schema_generated.h:5091:41:const flatbuffers::Vector<long long int>* tflite::QuantizationParameters::zero_point() const	16	static
/home/rmknan/STM32CubeIDE/workspace_1.15.0/Alphabet_Recognition/tensorflow-lite/tensorflow/lite/schema/schema_generated.h:5774:22:tflite::TensorType tflite::Tensor::type() const	16	static
/home/rmknan/STM32CubeIDE/workspace_1.15.0/Alphabet_Recognition/tensorflow-lite/tensorflow/lite/schema/schema_generated.h:5783:41:const tflite::QuantizationParameters* tflite::Tensor::quantization() const	16	static
/home/rmknan/STM32CubeIDE/workspace_1.15.0/Alphabet_Recognition/tensorflow-lite/tensorflow/lite/schema/schema_generated.h:5786:8:bool tflite::Tensor::is_variable() const	16	static
/home/rmknan/STM32CubeIDE/workspace_1.15.0/Alphabet_Recognition/tensorflow-lite/tensorflow/lite/schema/schema_generated.h:15871:71:const flatbuffers::Vector<flatbuffers::Offset<tflite::Tensor> >* tflite::SubGraph::tensors() const	16	static
/home/rmknan/STM32CubeIDE/workspace_1.15.0/Alphabet_Recognition/tensorflow-lite/tensorflow/lite/schema/schema_generated.h:15874:41:const flatbuffers::Vector<long int>* tflite::SubGraph::inputs() const	16	static
/home/rmknan/STM32CubeIDE/workspace_1.15.0/Alphabet_Recognition/tensorflow-lite/tensorflow/lite/schema/schema_generated.h:15877:41:const flatbuffers::Vector<long int>* tflite::SubGraph::outputs() const	16	static
/home/rmknan/STM32CubeIDE/workspace_1.15.0/Alphabet_Recognition/tensorflow-lite/tensorflow/lite/schema/schema_generated.h:16361:73:const flatbuffers::Vector<flatbuffers::Offset<tflite::SubGraph> >* tflite::Model::subgraphs() const	16	static
/home/rmknan/STM32CubeIDE/workspace_1.15.0/Alphabet_Recognition/tensorflow-lite/tensorflow/lite/micro/micro_interpreter_graph.h:94:27:virtual tflite::MicroResourceVariables* tflite::MicroInterpreterGraph::GetResourceVariables()	16	static
/home/rmknan/STM32CubeIDE/workspace_1.15.0/Alphabet_Recognition/tensorflow-lite/tensorflow/lite/micro/micro_profiler.h:118:12:tflite::ScopedMicroProfiler::ScopedMicroProfiler(const char*, tflite::MicroProfilerInterface*)	24	static
/home/rmknan/STM32CubeIDE/workspace_1.15.0/Alphabet_Recognition/tensorflow-lite/tensorflow/lite/micro/micro_profiler.h:126:3:tflite::ScopedMicroProfiler::~ScopedMicroProfiler()	16	static
../tensorflow-lite/tensorflow/lite/micro/micro_interpreter_graph.cc:30:13:const char* tflite::{anonymous}::OpNameFromRegistration(const TFLMRegistration*)	16	static
/home/rmknan/STM32CubeIDE/workspace_1.15.0/Alphabet_Recognition/tensorflow-lite/tensorflow/lite/micro/micro_graph.h:28:7:constexpr tflite::MicroGraph::MicroGraph()	16	static
/home/rmknan/STM32CubeIDE/workspace_1.15.0/Alphabet_Recognition/tensorflow-lite/tensorflow/lite/micro/micro_graph.h:30:11:tflite::MicroGraph::~MicroGraph()	16	static
/home/rmknan/STM32CubeIDE/workspace_1.15.0/Alphabet_Recognition/tensorflow-lite/tensorflow/lite/micro/micro_graph.h:30:11:virtual tflite::MicroGraph::~MicroGraph()	16	static
../tensorflow-lite/tensorflow/lite/micro/micro_interpreter_graph.cc:40:1:tflite::MicroInterpreterGraph::MicroInterpreterGraph(TfLiteContext*, const tflite::Model*, tflite::MicroAllocator*, tflite::MicroResourceVariables*)	24	static
../tensorflow-lite/tensorflow/lite/micro/micro_interpreter_graph.cc:53:1:tflite::MicroInterpreterGraph::~MicroInterpreterGraph()	16	static
../tensorflow-lite/tensorflow/lite/micro/micro_interpreter_graph.cc:53:1:virtual tflite::MicroInterpreterGraph::~MicroInterpreterGraph()	16	static
../tensorflow-lite/tensorflow/lite/micro/micro_interpreter_graph.cc:55:14:virtual TfLiteStatus tflite::MicroInterpreterGraph::InitSubgraphs()	48	static
../tensorflow-lite/tensorflow/lite/micro/micro_interpreter_graph.cc:88:14:virtual TfLiteStatus tflite::MicroInterpreterGraph::PrepareSubgraphs()	48	static
../tensorflow-lite/tensorflow/lite/micro/micro_interpreter_graph.cc:117:14:virtual TfLiteStatus tflite::MicroInterpreterGraph::ResetSubgraphs()	40	static
../tensorflow-lite/tensorflow/lite/micro/micro_interpreter_graph.cc:142:14:virtual TfLiteStatus tflite::MicroInterpreterGraph::FreeSubgraphs()	40	static
../tensorflow-lite/tensorflow/lite/micro/micro_interpreter_graph.cc:167:14:virtual TfLiteStatus tflite::MicroInterpreterGraph::InvokeSubgraph(int)	56	static
../tensorflow-lite/tensorflow/lite/micro/micro_interpreter_graph.cc:214:14:virtual TfLiteStatus tflite::MicroInterpreterGraph::ResetVariableTensors()	48	static
../tensorflow-lite/tensorflow/lite/micro/micro_interpreter_graph.cc:241:5:virtual int tflite::MicroInterpreterGraph::NumSubgraphs()	16	static
../tensorflow-lite/tensorflow/lite/micro/micro_interpreter_graph.cc:245:6:void tflite::MicroInterpreterGraph::SetSubgraphAllocations(tflite::SubgraphAllocations*)	16	static
../tensorflow-lite/tensorflow/lite/micro/micro_interpreter_graph.cc:250:8:virtual size_t tflite::MicroInterpreterGraph::NumSubgraphInputs(int)	16	static
../tensorflow-lite/tensorflow/lite/micro/micro_interpreter_graph.cc:254:19:virtual TfLiteEvalTensor* tflite::MicroInterpreterGraph::GetSubgraphInput(int, int)	32	static
../tensorflow-lite/tensorflow/lite/micro/micro_interpreter_graph.cc:261:8:virtual size_t tflite::MicroInterpreterGraph::NumSubgraphOutputs(int)	16	static
../tensorflow-lite/tensorflow/lite/micro/micro_interpreter_graph.cc:265:19:virtual TfLiteEvalTensor* tflite::MicroInterpreterGraph::GetSubgraphOutput(int, int)	32	static
/home/rmknan/STM32CubeIDE/workspace_1.15.0/Alphabet_Recognition/tensorflow-lite/third_party/flatbuffers/include/flatbuffers/base.h:425:24:T flatbuffers::EndianScalar(T) [with T = long unsigned int]	16	static
/home/rmknan/STM32CubeIDE/workspace_1.15.0/Alphabet_Recognition/tensorflow-lite/third_party/flatbuffers/include/flatbuffers/base.h:436:3:T flatbuffers::ReadScalar(const void*) [with T = long int]	16	static
/home/rmknan/STM32CubeIDE/workspace_1.15.0/Alphabet_Recognition/tensorflow-lite/third_party/flatbuffers/include/flatbuffers/base.h:436:3:T flatbuffers::ReadScalar(const void*) [with T = short unsigned int]	16	static
/home/rmknan/STM32CubeIDE/workspace_1.15.0/Alphabet_Recognition/tensorflow-lite/third_party/flatbuffers/include/flatbuffers/base.h:436:3:T flatbuffers::ReadScalar(const void*) [with T = unsigned char]	16	static
/home/rmknan/STM32CubeIDE/workspace_1.15.0/Alphabet_Recognition/tensorflow-lite/third_party/flatbuffers/include/flatbuffers/base.h:436:3:T flatbuffers::ReadScalar(const void*) [with T = long unsigned int]	16	static
/home/rmknan/STM32CubeIDE/workspace_1.15.0/Alphabet_Recognition/tensorflow-lite/third_party/flatbuffers/include/flatbuffers/base.h:494:13:bool flatbuffers::IsOutRange(const T&, const T&, const T&) [with T = tflite::BuiltinOperator]	24	static
/home/rmknan/STM32CubeIDE/workspace_1.15.0/Alphabet_Recognition/tensorflow-lite/third_party/flatbuffers/include/flatbuffers/table.h:58:5:P flatbuffers::Table::GetPointer(flatbuffers::voffset_t) const [with P = const flatbuffers::Vector<long long int>*; OffsetSize = long unsigned int]	16	static
/home/rmknan/STM32CubeIDE/workspace_1.15.0/Alphabet_Recognition/tensorflow-lite/third_party/flatbuffers/include/flatbuffers/table.h:45:26:T flatbuffers::Table::GetField(flatbuffers::voffset_t, T) const [with T = unsigned char]	24	static
/home/rmknan/STM32CubeIDE/workspace_1.15.0/Alphabet_Recognition/tensorflow-lite/third_party/flatbuffers/include/flatbuffers/table.h:58:5:P flatbuffers::Table::GetPointer(flatbuffers::voffset_t) const [with P = const flatbuffers::Vector<long int>*; OffsetSize = long unsigned int]	16	static
/home/rmknan/STM32CubeIDE/workspace_1.15.0/Alphabet_Recognition/tensorflow-lite/third_party/flatbuffers/include/flatbuffers/table.h:45:26:T flatbuffers::Table::GetField(flatbuffers::voffset_t, T) const [with T = signed char]	24	static
/home/rmknan/STM32CubeIDE/workspace_1.15.0/Alphabet_Recognition/tensorflow-lite/third_party/flatbuffers/include/flatbuffers/table.h:58:5:P flatbuffers::Table::GetPointer(flatbuffers::voffset_t) const [with P = const tflite::QuantizationParameters*; OffsetSize = long unsigned int]	16	static
/home/rmknan/STM32CubeIDE/workspace_1.15.0/Alphabet_Recognition/tensorflow-lite/third_party/flatbuffers/include/flatbuffers/table.h:58:5:P flatbuffers::Table::GetPointer(flatbuffers::voffset_t) const [with P = const flatbuffers::Vector<flatbuffers::Offset<tflite::Tensor> >*; OffsetSize = long unsigned int]	16	static
/home/rmknan/STM32CubeIDE/workspace_1.15.0/Alphabet_Recognition/tensorflow-lite/third_party/flatbuffers/include/flatbuffers/table.h:58:5:P flatbuffers::Table::GetPointer(flatbuffers::voffset_t) const [with P = const flatbuffers::Vector<flatbuffers::Offset<tflite::SubGraph> >*; OffsetSize = long unsigned int]	16	static
/home/rmknan/STM32CubeIDE/workspace_1.15.0/Alphabet_Recognition/tensorflow-lite/third_party/flatbuffers/include/flatbuffers/vector.h:164:9:SizeT flatbuffers::Vector<T, SizeT>::size() const [with T = long long int; SizeT = long unsigned int]	16	static
/home/rmknan/STM32CubeIDE/workspace_1.15.0/Alphabet_Recognition/tensorflow-lite/third_party/flatbuffers/include/flatbuffers/vector.h:175:15:flatbuffers::Vector<T, SizeT>::return_type flatbuffers::Vector<T, SizeT>::Get(SizeT) const [with T = long long int; SizeT = long unsigned int]	16	static
/home/rmknan/STM32CubeIDE/workspace_1.15.0/Alphabet_Recognition/tensorflow-lite/third_party/flatbuffers/include/flatbuffers/vector.h:164:9:SizeT flatbuffers::Vector<T, SizeT>::size() const [with T = long int; SizeT = long unsigned int]	16	static
/home/rmknan/STM32CubeIDE/workspace_1.15.0/Alphabet_Recognition/tensorflow-lite/third_party/flatbuffers/include/flatbuffers/vector.h:175:15:flatbuffers::Vector<T, SizeT>::return_type flatbuffers::Vector<T, SizeT>::Get(SizeT) const [with T = long int; SizeT = long unsigned int]	16	static
/home/rmknan/STM32CubeIDE/workspace_1.15.0/Alphabet_Recognition/tensorflow-lite/third_party/flatbuffers/include/flatbuffers/vector.h:164:9:SizeT flatbuffers::Vector<T, SizeT>::size() const [with T = flatbuffers::Offset<tflite::Tensor>; SizeT = long unsigned int]	16	static
/home/rmknan/STM32CubeIDE/workspace_1.15.0/Alphabet_Recognition/tensorflow-lite/third_party/flatbuffers/include/flatbuffers/vector.h:175:15:flatbuffers::Vector<T, SizeT>::return_type flatbuffers::Vector<T, SizeT>::Get(SizeT) const [with T = flatbuffers::Offset<tflite::Tensor>; SizeT = long unsigned int]	16	static
/home/rmknan/STM32CubeIDE/workspace_1.15.0/Alphabet_Recognition/tensorflow-lite/third_party/flatbuffers/include/flatbuffers/vector.h:164:9:SizeT flatbuffers::Vector<T, SizeT>::size() const [with T = flatbuffers::Offset<tflite::SubGraph>; SizeT = long unsigned int]	16	static
/home/rmknan/STM32CubeIDE/workspace_1.15.0/Alphabet_Recognition/tensorflow-lite/third_party/flatbuffers/include/flatbuffers/vector.h:175:15:flatbuffers::Vector<T, SizeT>::return_type flatbuffers::Vector<T, SizeT>::Get(SizeT) const [with T = flatbuffers::Offset<tflite::SubGraph>; SizeT = long unsigned int]	16	static
/home/rmknan/STM32CubeIDE/workspace_1.15.0/Alphabet_Recognition/tensorflow-lite/third_party/flatbuffers/include/flatbuffers/vector.h:180:15:flatbuffers::Vector<T, SizeT>::return_type flatbuffers::Vector<T, SizeT>::operator[](SizeT) const [with T = flatbuffers::Offset<tflite::SubGraph>; SizeT = long unsigned int]	16	static
/home/rmknan/STM32CubeIDE/workspace_1.15.0/Alphabet_Recognition/tensorflow-lite/third_party/flatbuffers/include/flatbuffers/base.h:425:24:T flatbuffers::EndianScalar(T) [with T = long int]	16	static
/home/rmknan/STM32CubeIDE/workspace_1.15.0/Alphabet_Recognition/tensorflow-lite/third_party/flatbuffers/include/flatbuffers/base.h:425:24:T flatbuffers::EndianScalar(T) [with T = short unsigned int]	16	static
/home/rmknan/STM32CubeIDE/workspace_1.15.0/Alphabet_Recognition/tensorflow-lite/third_party/flatbuffers/include/flatbuffers/base.h:425:24:T flatbuffers::EndianScalar(T) [with T = unsigned char]	16	static
/home/rmknan/STM32CubeIDE/workspace_1.15.0/Alphabet_Recognition/tensorflow-lite/third_party/flatbuffers/include/flatbuffers/base.h:436:3:T flatbuffers::ReadScalar(const void*) [with T = signed char]	16	static
/home/rmknan/STM32CubeIDE/workspace_1.15.0/Alphabet_Recognition/tensorflow-lite/third_party/flatbuffers/include/flatbuffers/base.h:425:24:T flatbuffers::EndianScalar(T) [with T = long long int]	16	static
/home/rmknan/STM32CubeIDE/workspace_1.15.0/Alphabet_Recognition/tensorflow-lite/third_party/flatbuffers/include/flatbuffers/table.h:51:5:P flatbuffers::Table::GetPointer(flatbuffers::voffset_t) [with P = const flatbuffers::Vector<long long int>*; OffsetSize = long unsigned int]	24	static
/home/rmknan/STM32CubeIDE/workspace_1.15.0/Alphabet_Recognition/tensorflow-lite/third_party/flatbuffers/include/flatbuffers/table.h:51:5:P flatbuffers::Table::GetPointer(flatbuffers::voffset_t) [with P = const flatbuffers::Vector<long int>*; OffsetSize = long unsigned int]	24	static
/home/rmknan/STM32CubeIDE/workspace_1.15.0/Alphabet_Recognition/tensorflow-lite/third_party/flatbuffers/include/flatbuffers/table.h:51:5:P flatbuffers::Table::GetPointer(flatbuffers::voffset_t) [with P = const tflite::QuantizationParameters*; OffsetSize = long unsigned int]	24	static
/home/rmknan/STM32CubeIDE/workspace_1.15.0/Alphabet_Recognition/tensorflow-lite/third_party/flatbuffers/include/flatbuffers/table.h:51:5:P flatbuffers::Table::GetPointer(flatbuffers::voffset_t) [with P = const flatbuffers::Vector<flatbuffers::Offset<tflite::Tensor> >*; OffsetSize = long unsigned int]	24	static
/home/rmknan/STM32CubeIDE/workspace_1.15.0/Alphabet_Recognition/tensorflow-lite/third_party/flatbuffers/include/flatbuffers/table.h:51:5:P flatbuffers::Table::GetPointer(flatbuffers::voffset_t) [with P = const flatbuffers::Vector<flatbuffers::Offset<tflite::SubGraph> >*; OffsetSize = long unsigned int]	24	static
/home/rmknan/STM32CubeIDE/workspace_1.15.0/Alphabet_Recognition/tensorflow-lite/third_party/flatbuffers/include/flatbuffers/vector.h:253:18:const uint8_t* flatbuffers::Vector<T, SizeT>::Data() const [with T = long long int; SizeT = long unsigned int]	16	static
/home/rmknan/STM32CubeIDE/workspace_1.15.0/Alphabet_Recognition/tensorflow-lite/third_party/flatbuffers/include/flatbuffers/buffer.h:98:22:static flatbuffers::IndirectHelper<T>::return_type flatbuffers::IndirectHelper<T>::Read(const uint8_t*, size_t) [with T = long long int]	16	static
/home/rmknan/STM32CubeIDE/workspace_1.15.0/Alphabet_Recognition/tensorflow-lite/third_party/flatbuffers/include/flatbuffers/vector.h:253:18:const uint8_t* flatbuffers::Vector<T, SizeT>::Data() const [with T = long int; SizeT = long unsigned int]	16	static
/home/rmknan/STM32CubeIDE/workspace_1.15.0/Alphabet_Recognition/tensorflow-lite/third_party/flatbuffers/include/flatbuffers/buffer.h:98:22:static flatbuffers::IndirectHelper<T>::return_type flatbuffers::IndirectHelper<T>::Read(const uint8_t*, size_t) [with T = long int]	16	static
/home/rmknan/STM32CubeIDE/workspace_1.15.0/Alphabet_Recognition/tensorflow-lite/third_party/flatbuffers/include/flatbuffers/vector.h:253:18:const uint8_t* flatbuffers::Vector<T, SizeT>::Data() const [with T = flatbuffers::Offset<tflite::Tensor>; SizeT = long unsigned int]	16	static
/home/rmknan/STM32CubeIDE/workspace_1.15.0/Alphabet_Recognition/tensorflow-lite/third_party/flatbuffers/include/flatbuffers/buffer.h:115:22:static const T* flatbuffers::IndirectHelper<OffsetT<T> >::Read(const uint8_t*, offset_type) [with T = tflite::Tensor; OffsetT = flatbuffers::Offset]	24	static
/home/rmknan/STM32CubeIDE/workspace_1.15.0/Alphabet_Recognition/tensorflow-lite/third_party/flatbuffers/include/flatbuffers/vector.h:253:18:const uint8_t* flatbuffers::Vector<T, SizeT>::Data() const [with T = flatbuffers::Offset<tflite::SubGraph>; SizeT = long unsigned int]	16	static
/home/rmknan/STM32CubeIDE/workspace_1.15.0/Alphabet_Recognition/tensorflow-lite/third_party/flatbuffers/include/flatbuffers/buffer.h:115:22:static const T* flatbuffers::IndirectHelper<OffsetT<T> >::Read(const uint8_t*, offset_type) [with T = tflite::SubGraph; OffsetT = flatbuffers::Offset]	24	static
/home/rmknan/STM32CubeIDE/workspace_1.15.0/Alphabet_Recognition/tensorflow-lite/third_party/flatbuffers/include/flatbuffers/base.h:425:24:T flatbuffers::EndianScalar(T) [with T = signed char]	16	static
