/opt/st/stm32cubeide_1.15.0/plugins/com.st.stm32cube.ide.mcu.externaltools.gnu-tools-for-stm32.12.3.rel1.linux64_1.0.100.202403111256/tools/arm-none-eabi/include/c++/12.3.1/arm-none-eabi/thumb/v7e-m+fp/hard/bits/gthr-default.h:229:1:int __gthread_key_delete(__gthread_key_t)	16	static
/home/rmknan/STM32CubeIDE/workspace_1.15.0/Alphabet_Recognition/tensorflow-lite/tensorflow/lite/micro/micro_graph.h:28:7:constexpr tflite::MicroGraph::MicroGraph()	16	static
/home/rmknan/STM32CubeIDE/workspace_1.15.0/Alphabet_Recognition/tensorflow-lite/tensorflow/lite/micro/micro_graph.h:30:11:tflite::MicroGraph::~MicroGraph()	16	static
/home/rmknan/STM32CubeIDE/workspace_1.15.0/Alphabet_Recognition/tensorflow-lite/tensorflow/lite/micro/micro_graph.h:30:11:virtual tflite::MicroGraph::~MicroGraph()	16	static
../tensorflow-lite/tensorflow/lite/micro/mock_micro_graph.cc:22:1:tflite::MockMicroGraph::MockMicroGraph(tflite::SingleArenaBufferAllocator*)	48	static
../tensorflow-lite/tensorflow/lite/micro/mock_micro_graph.cc:39:14:virtual TfLiteStatus tflite::MockMicroGraph::InvokeSubgraph(int)	16	static
../tensorflow-lite/tensorflow/lite/micro/mock_micro_graph.cc:44:8:virtual size_t tflite::MockMicroGraph::NumSubgraphInputs(int)	16	static
../tensorflow-lite/tensorflow/lite/micro/mock_micro_graph.cc:46:19:virtual TfLiteEvalTensor* tflite::MockMicroGraph::GetSubgraphInput(int, int)	24	static
../tensorflow-lite/tensorflow/lite/micro/mock_micro_graph.cc:51:8:virtual size_t tflite::MockMicroGraph::NumSubgraphOutputs(int)	16	static
../tensorflow-lite/tensorflow/lite/micro/mock_micro_graph.cc:53:19:virtual TfLiteEvalTensor* tflite::MockMicroGraph::GetSubgraphOutput(int, int)	24	static
../tensorflow-lite/tensorflow/lite/micro/mock_micro_graph.cc:58:5:virtual int tflite::MockMicroGraph::NumSubgraphs()	16	static
../tensorflow-lite/tensorflow/lite/micro/mock_micro_graph.cc:60:25:virtual tflite::MicroResourceVariables* tflite::MockMicroGraph::GetResourceVariables()	16	static
/home/rmknan/STM32CubeIDE/workspace_1.15.0/Alphabet_Recognition/tensorflow-lite/tensorflow/lite/micro/mock_micro_graph.h:29:7:tflite::MockMicroGraph::~MockMicroGraph()	16	static
/home/rmknan/STM32CubeIDE/workspace_1.15.0/Alphabet_Recognition/tensorflow-lite/tensorflow/lite/micro/mock_micro_graph.h:29:7:virtual tflite::MockMicroGraph::~MockMicroGraph()	16	static
