/opt/st/stm32cubeide_1.15.0/plugins/com.st.stm32cube.ide.mcu.externaltools.gnu-tools-for-stm32.12.3.rel1.linux64_1.0.100.202403111256/tools/arm-none-eabi/include/c++/12.3.1/limits:1068:7:static constexpr int std::numeric_limits<int>::max()	4	static
/home/rmknan/STM32CubeIDE/workspace_1.15.0/Alphabet_Recognition/tensorflow-lite/tensorflow/lite/kernels/kernel_util.h:153:12:int tflite::NumDimensions(const TfLiteTensor*)	16	static
/home/rmknan/STM32CubeIDE/workspace_1.15.0/Alphabet_Recognition/tensorflow-lite/tensorflow/lite/kernels/kernel_util.h:154:12:int tflite::SizeOfDimension(const TfLiteTensor*, int)	16	static
/home/rmknan/STM32CubeIDE/workspace_1.15.0/Alphabet_Recognition/tensorflow-lite/tensorflow/lite/kernels/kernel_util.h:171:16:int64_t tflite::NumElements(const int*, int)	64	static
/home/rmknan/STM32CubeIDE/workspace_1.15.0/Alphabet_Recognition/tensorflow-lite/tensorflow/lite/kernels/kernel_util.h:190:16:int64_t tflite::NumElements(const TfLiteIntArray*)	16	static
/home/rmknan/STM32CubeIDE/workspace_1.15.0/Alphabet_Recognition/tensorflow-lite/tensorflow/lite/kernels/kernel_util.h:194:16:int64_t tflite::NumElements(const TfLiteTensor*)	16	static
/opt/st/stm32cubeide_1.15.0/plugins/com.st.stm32cube.ide.mcu.externaltools.gnu-tools-for-stm32.12.3.rel1.linux64_1.0.100.202403111256/tools/arm-none-eabi/include/c++/12.3.1/bits/stl_algobase.h:230:5:constexpr const _Tp& std::min(const _Tp&, const _Tp&) [with _Tp = int]	16	static
/opt/st/stm32cubeide_1.15.0/plugins/com.st.stm32cube.ide.mcu.externaltools.gnu-tools-for-stm32.12.3.rel1.linux64_1.0.100.202403111256/tools/arm-none-eabi/include/c++/12.3.1/arm-none-eabi/thumb/v7e-m+fp/hard/bits/gthr-default.h:229:1:int __gthread_key_delete(__gthread_key_t)	16	static
/home/rmknan/STM32CubeIDE/workspace_1.15.0/Alphabet_Recognition/tensorflow-lite/tensorflow/lite/micro/micro_context.h:102:22:tflite::MicroContext* tflite::GetMicroContext(const TfLiteContext*)	16	static
../tensorflow-lite/tensorflow/lite/micro/kernels/mirror_pad.cc:42:12:int tflite::{anonymous}::GetInputDimension(int, int, int, int, int)	48	static
../tensorflow-lite/tensorflow/lite/micro/kernels/mirror_pad.cc:59:5:int tflite::{anonymous}::GetFlatIndex(int, int, const TfLiteEvalTensor*, const TfLiteIntArray*, int*, int*, int)	96	static
../tensorflow-lite/tensorflow/lite/micro/kernels/mirror_pad.cc:103:14:TfLiteStatus tflite::{anonymous}::MirrorPadEval(TfLiteContext*, TfLiteNode*)	96	static
../tensorflow-lite/tensorflow/lite/micro/kernels/mirror_pad.cc:164:7:void* tflite::{anonymous}::MirrorPadInit(TfLiteContext*, const char*, size_t)	24	static
../tensorflow-lite/tensorflow/lite/micro/kernels/mirror_pad.cc:169:14:TfLiteStatus tflite::{anonymous}::MirrorPadPrepare(TfLiteContext*, TfLiteNode*)	72	static
../tensorflow-lite/tensorflow/lite/micro/kernels/mirror_pad.cc:211:18:TFLMRegistration tflite::Register_MIRROR_PAD()	24	static
../tensorflow-lite/tensorflow/lite/micro/kernels/mirror_pad.cc:34:13:void tflite::{anonymous}::GetPadding(const T*, int, int64_t*, int64_t*) [with T = long int]	40	static
../tensorflow-lite/tensorflow/lite/micro/kernels/mirror_pad.cc:34:13:void tflite::{anonymous}::GetPadding(const T*, int, int64_t*, int64_t*) [with T = long long int]	24	static
/home/rmknan/STM32CubeIDE/workspace_1.15.0/Alphabet_Recognition/tensorflow-lite/tensorflow/lite/micro/kernels/kernel_util.h:76:10:const T* tflite::micro::GetTensorData(const TfLiteEvalTensor*) [with T = float]	16	static
/home/rmknan/STM32CubeIDE/workspace_1.15.0/Alphabet_Recognition/tensorflow-lite/tensorflow/lite/micro/kernels/kernel_util.h:69:4:T* tflite::micro::GetTensorData(TfLiteEvalTensor*) [with T = float]	16	static
../tensorflow-lite/tensorflow/lite/micro/kernels/mirror_pad.cc:91:6:void tflite::{anonymous}::MirrorPad(const TfLiteEvalTensor*, const TfLiteIntArray*, int*, int*, const T*, T*, int, int, int) [with T = float]	48	static
/home/rmknan/STM32CubeIDE/workspace_1.15.0/Alphabet_Recognition/tensorflow-lite/tensorflow/lite/micro/kernels/kernel_util.h:76:10:const T* tflite::micro::GetTensorData(const TfLiteEvalTensor*) [with T = signed char]	16	static
/home/rmknan/STM32CubeIDE/workspace_1.15.0/Alphabet_Recognition/tensorflow-lite/tensorflow/lite/micro/kernels/kernel_util.h:69:4:T* tflite::micro::GetTensorData(TfLiteEvalTensor*) [with T = signed char]	16	static
../tensorflow-lite/tensorflow/lite/micro/kernels/mirror_pad.cc:91:6:void tflite::{anonymous}::MirrorPad(const TfLiteEvalTensor*, const TfLiteIntArray*, int*, int*, const T*, T*, int, int, int) [with T = signed char]	48	static
