/home/rmknan/STM32CubeIDE/workspace_1.15.0/Alphabet_Recognition/tensorflow-lite/tensorflow/lite/kernels/internal/runtime_shape.h:64:3:tflite::RuntimeShape::~RuntimeShape()	16	static
/home/rmknan/STM32CubeIDE/workspace_1.15.0/Alphabet_Recognition/tensorflow-lite/tensorflow/lite/kernels/internal/runtime_shape.h:66:11:int32_t tflite::RuntimeShape::DimensionsCount() const	16	static
/home/rmknan/STM32CubeIDE/workspace_1.15.0/Alphabet_Recognition/tensorflow-lite/tensorflow/lite/kernels/internal/runtime_shape.h:67:11:int32_t tflite::RuntimeShape::Dims(int) const	16	static
/home/rmknan/STM32CubeIDE/workspace_1.15.0/Alphabet_Recognition/tensorflow-lite/tensorflow/lite/kernels/internal/runtime_shape.h:84:18:const int32_t* tflite::RuntimeShape::DimsData() const	16	static
/home/rmknan/STM32CubeIDE/workspace_1.15.0/Alphabet_Recognition/tensorflow-lite/tensorflow/lite/kernels/internal/types.h:264:12:int tflite::MatchingDim(const RuntimeShape&, int, const RuntimeShape&, int)	40	static
/home/rmknan/STM32CubeIDE/workspace_1.15.0/Alphabet_Recognition/tensorflow-lite/tensorflow/lite/kernels/internal/types.h:519:12:int tflite::FlatSizeSkipDim(const RuntimeShape&, int)	32	static
/home/rmknan/STM32CubeIDE/workspace_1.15.0/Alphabet_Recognition/tensorflow-lite/tensorflow/lite/kernels/internal/reference/fully_connected.h:29:13:void tflite::reference_ops::FullyConnected(const tflite::FullyConnectedParams&, const tflite::RuntimeShape&, const float*, const tflite::RuntimeShape&, const float*, const tflite::RuntimeShape&, const float*, const tflite::RuntimeShape&, float*)	80	static
/opt/st/stm32cubeide_1.15.0/plugins/com.st.stm32cube.ide.mcu.externaltools.gnu-tools-for-stm32.12.3.rel1.linux64_1.0.100.202403111256/tools/arm-none-eabi/include/c++/12.3.1/arm-none-eabi/thumb/v7e-m+fp/hard/bits/gthr-default.h:229:1:int __gthread_key_delete(__gthread_key_t)	16	static
/home/rmknan/STM32CubeIDE/workspace_1.15.0/Alphabet_Recognition/tensorflow-lite/tensorflow/lite/micro/micro_context.h:102:22:tflite::MicroContext* tflite::GetMicroContext(const TfLiteContext*)	16	static
../tensorflow-lite/tensorflow/lite/micro/kernels/cmsis_nn/fully_connected.cc:53:7:void* tflite::{anonymous}::Init(TfLiteContext*, const char*, size_t)	24	static
../tensorflow-lite/tensorflow/lite/micro/kernels/cmsis_nn/fully_connected.cc:58:14:TfLiteStatus tflite::{anonymous}::Prepare(TfLiteContext*, TfLiteNode*)	208	static
../tensorflow-lite/tensorflow/lite/micro/kernels/cmsis_nn/fully_connected.cc:162:6:void tflite::{anonymous}::PopulateCommonParams(TfLiteContext*, cmsis_nn_per_tensor_quant_params*, cmsis_nn_dims*, cmsis_nn_dims*, cmsis_nn_dims*, cmsis_nn_dims*, cmsis_nn_context*, const OpData&)	24	static
../tensorflow-lite/tensorflow/lite/micro/kernels/cmsis_nn/fully_connected.cc:199:14:TfLiteStatus tflite::{anonymous}::EvalQuantizedInt4(TfLiteContext*, TfLiteNode*, const OpData&, const TfLiteEvalTensor*, const TfLiteEvalTensor*, const TfLiteEvalTensor*, TfLiteEvalTensor*)	216	static
../tensorflow-lite/tensorflow/lite/micro/kernels/cmsis_nn/fully_connected.cc:242:14:TfLiteStatus tflite::{anonymous}::EvalQuantizedInt8(TfLiteContext*, TfLiteNode*, const OpData&, const TfLiteEvalTensor*, const TfLiteEvalTensor*, const TfLiteEvalTensor*, TfLiteEvalTensor*)	272	static
../tensorflow-lite/tensorflow/lite/micro/kernels/cmsis_nn/fully_connected.cc:319:14:TfLiteStatus tflite::{anonymous}::EvalQuantizedInt16(TfLiteContext*, TfLiteNode*, const OpData&, const TfLiteEvalTensor*, const TfLiteEvalTensor*, const TfLiteEvalTensor*, TfLiteEvalTensor*)	184	static
../tensorflow-lite/tensorflow/lite/micro/kernels/cmsis_nn/fully_connected.cc:357:14:TfLiteStatus tflite::{anonymous}::Eval(TfLiteContext*, TfLiteNode*)	392	static
../tensorflow-lite/tensorflow/lite/micro/kernels/cmsis_nn/fully_connected.cc:432:14:TfLiteStatus tflite::{anonymous}::EvalInt4(TfLiteContext*, TfLiteNode*)	56	static
../tensorflow-lite/tensorflow/lite/micro/kernels/cmsis_nn/fully_connected.cc:461:14:TfLiteStatus tflite::{anonymous}::EvalInt8(TfLiteContext*, TfLiteNode*)	56	static
../tensorflow-lite/tensorflow/lite/micro/kernels/cmsis_nn/fully_connected.cc:484:14:TfLiteStatus tflite::{anonymous}::EvalInt16(TfLiteContext*, TfLiteNode*)	56	static
../tensorflow-lite/tensorflow/lite/micro/kernels/cmsis_nn/fully_connected.cc:509:18:TFLMRegistration tflite::Register_FULLY_CONNECTED()	24	static
../tensorflow-lite/tensorflow/lite/micro/kernels/cmsis_nn/fully_connected.cc:513:18:TFLMRegistration tflite::Register_FULLY_CONNECTED_INT4()	24	static
../tensorflow-lite/tensorflow/lite/micro/kernels/cmsis_nn/fully_connected.cc:517:18:TFLMRegistration tflite::Register_FULLY_CONNECTED_INT8()	24	static
../tensorflow-lite/tensorflow/lite/micro/kernels/cmsis_nn/fully_connected.cc:521:18:TFLMRegistration tflite::Register_FULLY_CONNECTED_INT16()	24	static
../tensorflow-lite/tensorflow/lite/micro/kernels/cmsis_nn/fully_connected.cc:525:27:TFLMInferenceRegistration tflite::RegisterInference_FULLY_CONNECTED()	16	static
/opt/st/stm32cubeide_1.15.0/plugins/com.st.stm32cube.ide.mcu.externaltools.gnu-tools-for-stm32.12.3.rel1.linux64_1.0.100.202403111256/tools/arm-none-eabi/include/c++/12.3.1/bits/stl_algobase.h:230:5:constexpr const _Tp& std::min(const _Tp&, const _Tp&) [with _Tp = long int]	16	static
/opt/st/stm32cubeide_1.15.0/plugins/com.st.stm32cube.ide.mcu.externaltools.gnu-tools-for-stm32.12.3.rel1.linux64_1.0.100.202403111256/tools/arm-none-eabi/include/c++/12.3.1/bits/stl_algobase.h:254:5:constexpr const _Tp& std::max(const _Tp&, const _Tp&) [with _Tp = long int]	16	static
/home/rmknan/STM32CubeIDE/workspace_1.15.0/Alphabet_Recognition/tensorflow-lite/tensorflow/lite/kernels/internal/common.h:177:10:T tflite::ActivationFunctionWithMinMax(T, T, T) [with T = float]	24	static
/home/rmknan/STM32CubeIDE/workspace_1.15.0/Alphabet_Recognition/tensorflow-lite/tensorflow/lite/kernels/internal/tensor_ctypes.h:27:11:T* tflite::GetTensorData(TfLiteTensor*) [with T = signed char]	16	static
/home/rmknan/STM32CubeIDE/workspace_1.15.0/Alphabet_Recognition/tensorflow-lite/tensorflow/lite/micro/kernels/kernel_util.h:89:10:const T* tflite::micro::GetOptionalTensorData(const TfLiteEvalTensor*) [with T = long int]	16	static
/home/rmknan/STM32CubeIDE/workspace_1.15.0/Alphabet_Recognition/tensorflow-lite/tensorflow/lite/micro/kernels/kernel_util.h:76:10:const T* tflite::micro::GetTensorData(const TfLiteEvalTensor*) [with T = signed char]	16	static
/home/rmknan/STM32CubeIDE/workspace_1.15.0/Alphabet_Recognition/tensorflow-lite/tensorflow/lite/micro/kernels/kernel_util.h:69:4:T* tflite::micro::GetTensorData(TfLiteEvalTensor*) [with T = signed char]	16	static
/home/rmknan/STM32CubeIDE/workspace_1.15.0/Alphabet_Recognition/tensorflow-lite/tensorflow/lite/micro/kernels/kernel_util.h:89:10:const T* tflite::micro::GetOptionalTensorData(const TfLiteEvalTensor*) [with T = long long int]	16	static
/home/rmknan/STM32CubeIDE/workspace_1.15.0/Alphabet_Recognition/tensorflow-lite/tensorflow/lite/micro/kernels/kernel_util.h:76:10:const T* tflite::micro::GetTensorData(const TfLiteEvalTensor*) [with T = short int]	16	static
/home/rmknan/STM32CubeIDE/workspace_1.15.0/Alphabet_Recognition/tensorflow-lite/tensorflow/lite/micro/kernels/kernel_util.h:69:4:T* tflite::micro::GetTensorData(TfLiteEvalTensor*) [with T = short int]	16	static
/home/rmknan/STM32CubeIDE/workspace_1.15.0/Alphabet_Recognition/tensorflow-lite/tensorflow/lite/micro/kernels/kernel_util.h:89:10:const T* tflite::micro::GetOptionalTensorData(const TfLiteEvalTensor*) [with T = float]	16	static
/home/rmknan/STM32CubeIDE/workspace_1.15.0/Alphabet_Recognition/tensorflow-lite/tensorflow/lite/micro/kernels/kernel_util.h:76:10:const T* tflite::micro::GetTensorData(const TfLiteEvalTensor*) [with T = float]	16	static
/home/rmknan/STM32CubeIDE/workspace_1.15.0/Alphabet_Recognition/tensorflow-lite/tensorflow/lite/micro/kernels/kernel_util.h:69:4:T* tflite::micro::GetTensorData(TfLiteEvalTensor*) [with T = float]	16	static
/home/rmknan/STM32CubeIDE/workspace_1.15.0/Alphabet_Recognition/tensorflow-lite/tensorflow/lite/kernels/internal/reference/integer_ops/fully_connected.h:77:6:void tflite::reference_integer_ops::FullyConnected(const tflite::FullyConnectedParams&, const tflite::RuntimeShape&, const InputType*, const tflite::RuntimeShape&, const WeightType*, const tflite::RuntimeShape&, const BiasType*, const tflite::RuntimeShape&, OutputType*) [with InputType = signed char; WeightType = signed char; OutputType = signed char; BiasType = long int]	104	static
/opt/st/stm32cubeide_1.15.0/plugins/com.st.stm32cube.ide.mcu.externaltools.gnu-tools-for-stm32.12.3.rel1.linux64_1.0.100.202403111256/tools/arm-none-eabi/include/c++/12.3.1/bits/stl_algobase.h:254:5:constexpr const _Tp& std::max(const _Tp&, const _Tp&) [with _Tp = float]	16	static
/opt/st/stm32cubeide_1.15.0/plugins/com.st.stm32cube.ide.mcu.externaltools.gnu-tools-for-stm32.12.3.rel1.linux64_1.0.100.202403111256/tools/arm-none-eabi/include/c++/12.3.1/bits/stl_algobase.h:230:5:constexpr const _Tp& std::min(const _Tp&, const _Tp&) [with _Tp = float]	16	static
