/home/rmknan/STM32CubeIDE/workspace_1.15.0/Alphabet_Recognition/tensorflow-lite/tensorflow/lite/core/api/error_reporter.h:37:11:tflite::ErrorReporter::~ErrorReporter()	16	static
/home/rmknan/STM32CubeIDE/workspace_1.15.0/Alphabet_Recognition/tensorflow-lite/tensorflow/lite/core/api/error_reporter.h:37:11:virtual tflite::ErrorReporter::~ErrorReporter()	16	static
/home/rmknan/STM32CubeIDE/workspace_1.15.0/Alphabet_Recognition/tensorflow-lite/tensorflow/lite/micro/tflite_bridge/micro_error_reporter.h:28:3:tflite::MicroErrorReporter::~MicroErrorReporter()	16	static
/home/rmknan/STM32CubeIDE/workspace_1.15.0/Alphabet_Recognition/tensorflow-lite/tensorflow/lite/micro/tflite_bridge/micro_error_reporter.h:28:3:virtual tflite::MicroErrorReporter::~MicroErrorReporter()	16	static
/opt/st/stm32cubeide_1.15.0/plugins/com.st.stm32cube.ide.mcu.externaltools.gnu-tools-for-stm32.12.3.rel1.linux64_1.0.100.202403111256/tools/arm-none-eabi/include/c++/12.3.1/arm-none-eabi/thumb/v7e-m+fp/hard/bits/gthr-default.h:229:1:int __gthread_key_delete(__gthread_key_t)	16	static
/home/rmknan/STM32CubeIDE/workspace_1.15.0/Alphabet_Recognition/tensorflow-lite/third_party/flatbuffers/include/flatbuffers/buffer.h:55:13:void flatbuffers::EndianCheck()	16	static
/home/rmknan/STM32CubeIDE/workspace_1.15.0/Alphabet_Recognition/tensorflow-lite/third_party/flatbuffers/include/flatbuffers/table.h:29:18:const uint8_t* flatbuffers::Table::GetVTable() const	24	static
/home/rmknan/STM32CubeIDE/workspace_1.15.0/Alphabet_Recognition/tensorflow-lite/third_party/flatbuffers/include/flatbuffers/table.h:35:13:flatbuffers::voffset_t flatbuffers::Table::GetOptionalFieldOffset(flatbuffers::voffset_t) const	24	static
/home/rmknan/STM32CubeIDE/workspace_1.15.0/Alphabet_Recognition/tensorflow-lite/tensorflow/lite/schema/schema_generated.h:16355:12:uint32_t tflite::Model::version() const	16	static
/home/rmknan/STM32CubeIDE/workspace_1.15.0/Alphabet_Recognition/tensorflow-lite/tensorflow/lite/schema/schema_generated.h:24582:29:const tflite::Model* tflite::GetModel(const void*)	16	static
/home/rmknan/STM32CubeIDE/workspace_1.15.0/Alphabet_Recognition/tensorflow-lite/tensorflow/lite/micro/micro_op_resolver.h:50:11:tflite::MicroOpResolver::~MicroOpResolver()	16	static
/home/rmknan/STM32CubeIDE/workspace_1.15.0/Alphabet_Recognition/tensorflow-lite/tensorflow/lite/micro/micro_op_resolver.h:50:11:virtual tflite::MicroOpResolver::~MicroOpResolver()	16	static
../Src/main.cc:124:43:void __tcf_0()	8	static
../Src/main.cc:133:110:void __tcf_1()	8	static
../Src/main.cc:51:5:int main()	160	static
../Src/main.cc:182:16:uint8_t get_top_prediction(const int8_t*, uint8_t)	32	static
../Src/main.cc:199:13:void print_result(uint8_t, uint32_t)	16	static
../Src/main.cc:217:13:void update_tensor_input(TfLiteTensor*)	24	static
../Src/main.cc:225:13:void check_touch()	32	static
../Src/main.cc:283:6:void draw_menu()	16	static
../Src/main.cc:327:13:void update_color()	16	static
../Src/main.cc:347:13:void rgb2gray()	56	static
../Src/main.cc:372:13:void resize_bilnear()	80	static
../Src/main.cc:407:13:void prepare_working_window()	40	static
../Src/main.cc:456:13:void SystemClock_Config()	88	static
../Src/main.cc:491:17:void Error_Handler()	8	static
/home/rmknan/STM32CubeIDE/workspace_1.15.0/Alphabet_Recognition/tensorflow-lite/third_party/flatbuffers/include/flatbuffers/base.h:425:24:T flatbuffers::EndianScalar(T) [with T = long unsigned int]	16	static
/home/rmknan/STM32CubeIDE/workspace_1.15.0/Alphabet_Recognition/tensorflow-lite/third_party/flatbuffers/include/flatbuffers/base.h:436:3:T flatbuffers::ReadScalar(const void*) [with T = long int]	16	static
/home/rmknan/STM32CubeIDE/workspace_1.15.0/Alphabet_Recognition/tensorflow-lite/third_party/flatbuffers/include/flatbuffers/base.h:436:3:T flatbuffers::ReadScalar(const void*) [with T = short unsigned int]	16	static
/home/rmknan/STM32CubeIDE/workspace_1.15.0/Alphabet_Recognition/tensorflow-lite/third_party/flatbuffers/include/flatbuffers/base.h:436:3:T flatbuffers::ReadScalar(const void*) [with T = long unsigned int]	16	static
/home/rmknan/STM32CubeIDE/workspace_1.15.0/Alphabet_Recognition/tensorflow-lite/third_party/flatbuffers/include/flatbuffers/table.h:45:26:T flatbuffers::Table::GetField(flatbuffers::voffset_t, T) const [with T = long unsigned int]	32	static
/home/rmknan/STM32CubeIDE/workspace_1.15.0/Alphabet_Recognition/tensorflow-lite/third_party/flatbuffers/include/flatbuffers/buffer.h:188:31:const T* flatbuffers::GetRoot(const void*) [with T = tflite::Model]	16	static
/home/rmknan/STM32CubeIDE/workspace_1.15.0/Alphabet_Recognition/tensorflow-lite/tensorflow/lite/micro/micro_op_resolver.h:34:7:constexpr tflite::MicroOpResolver::MicroOpResolver()	16	static
/home/rmknan/STM32CubeIDE/workspace_1.15.0/Alphabet_Recognition/tensorflow-lite/tensorflow/lite/micro/micro_mutable_op_resolver.h:49:12:tflite::MicroMutableOpResolver<tOpCount>::MicroMutableOpResolver() [with unsigned int tOpCount = 4]	16	static
/home/rmknan/STM32CubeIDE/workspace_1.15.0/Alphabet_Recognition/tensorflow-lite/tensorflow/lite/micro/micro_mutable_op_resolver.h:190:16:TfLiteStatus tflite::MicroMutableOpResolver<tOpCount>::AddConv2D(const TFLMRegistration&) [with unsigned int tOpCount = 4]	16	static
/home/rmknan/STM32CubeIDE/workspace_1.15.0/Alphabet_Recognition/tensorflow-lite/tensorflow/lite/micro/micro_mutable_op_resolver.h:422:16:TfLiteStatus tflite::MicroMutableOpResolver<tOpCount>::AddMaxPool2D(const TFLMRegistration&) [with unsigned int tOpCount = 4]	16	static
/home/rmknan/STM32CubeIDE/workspace_1.15.0/Alphabet_Recognition/tensorflow-lite/tensorflow/lite/micro/micro_mutable_op_resolver.h:323:16:TfLiteStatus tflite::MicroMutableOpResolver<tOpCount>::AddFullyConnected(const TFLMRegistration&) [with unsigned int tOpCount = 4]	16	static
/home/rmknan/STM32CubeIDE/workspace_1.15.0/Alphabet_Recognition/tensorflow-lite/tensorflow/lite/micro/micro_mutable_op_resolver.h:506:16:TfLiteStatus tflite::MicroMutableOpResolver<tOpCount>::AddReshape() [with unsigned int tOpCount = 4]	48	static
/home/rmknan/STM32CubeIDE/workspace_1.15.0/Alphabet_Recognition/tensorflow-lite/third_party/flatbuffers/include/flatbuffers/base.h:425:24:T flatbuffers::EndianScalar(T) [with T = long int]	16	static
/home/rmknan/STM32CubeIDE/workspace_1.15.0/Alphabet_Recognition/tensorflow-lite/third_party/flatbuffers/include/flatbuffers/base.h:425:24:T flatbuffers::EndianScalar(T) [with T = short unsigned int]	16	static
/home/rmknan/STM32CubeIDE/workspace_1.15.0/Alphabet_Recognition/tensorflow-lite/third_party/flatbuffers/include/flatbuffers/buffer.h:175:25:T* flatbuffers::GetMutableRoot(void*) [with T = tflite::Model]	16	static
/home/rmknan/STM32CubeIDE/workspace_1.15.0/Alphabet_Recognition/tensorflow-lite/tensorflow/lite/micro/micro_mutable_op_resolver.h:665:16:TfLiteStatus tflite::MicroMutableOpResolver<tOpCount>::AddBuiltin(tflite::BuiltinOperator, const TFLMRegistration&, tflite::TfLiteBridgeBuiltinParseFunction) [with unsigned int tOpCount = 4]	32	static
/home/rmknan/STM32CubeIDE/workspace_1.15.0/Alphabet_Recognition/tensorflow-lite/tensorflow/lite/micro/micro_mutable_op_resolver.h:51:27:const TFLMRegistration* tflite::MicroMutableOpResolver<tOpCount>::FindOp(tflite::BuiltinOperator) const [with unsigned int tOpCount = 4]	24	static
/home/rmknan/STM32CubeIDE/workspace_1.15.0/Alphabet_Recognition/tensorflow-lite/tensorflow/lite/micro/micro_mutable_op_resolver.h:45:7:tflite::MicroMutableOpResolver<4>::~MicroMutableOpResolver()	16	static
/home/rmknan/STM32CubeIDE/workspace_1.15.0/Alphabet_Recognition/tensorflow-lite/tensorflow/lite/micro/micro_mutable_op_resolver.h:45:7:virtual tflite::MicroMutableOpResolver<4>::~MicroMutableOpResolver()	16	static
/home/rmknan/STM32CubeIDE/workspace_1.15.0/Alphabet_Recognition/tensorflow-lite/tensorflow/lite/micro/micro_mutable_op_resolver.h:63:27:const TFLMRegistration* tflite::MicroMutableOpResolver<tOpCount>::FindOp(const char*) const [with unsigned int tOpCount = 4]	24	static
/home/rmknan/STM32CubeIDE/workspace_1.15.0/Alphabet_Recognition/tensorflow-lite/tensorflow/lite/micro/micro_mutable_op_resolver.h:74:36:TfLiteStatus (* tflite::MicroMutableOpResolver<tOpCount>::GetOpDataParser(tflite::BuiltinOperator) const)(const tflite::Operator*, tflite::ErrorReporter*, tflite::BuiltinDataAllocator*, void**) [with unsigned int tOpCount = 4]	24	static
